// Jest Snapshot v1, https://goo.gl/fbAQLP

exports[`<Home /> renders 1`] = `
<div
  className="home"
>
  <Header />
  <Connect(FindUser)
    initialUser="artusi"
    onUpdateUser={[Function]}
  />
  <div
    className="reposWrapper"
  >
    <Connect(RepositoriesList) />
  </div>
</div>
`;
